
> @webtoapp/web@1.0.0 build C:\Users\JEFF-PC\Documents\desktop-to-app\apps\web
> next build

  ▲ Next.js 14.2.35
  - Environments: .env

   Creating an optimized production build ...
 ✓ Compiled successfully
   Linting and checking validity of types ...
   Collecting page data ...
   Generating static pages (0/15) ...
   Generating static pages (3/15) 
   Generating static pages (7/15) 
   Generating static pages (11/15) 
 ✓ Generating static pages (15/15)
   Finalizing page optimization ...
   Collecting build traces ...

Route (app)                              Size     First Load JS
┌ ○ /                                    1.68 kB        97.9 kB
├ ○ /_not-found                          876 B          88.4 kB
├ ƒ /api/auth/cookie                     0 B                0 B
├ ○ /billing                             110 kB          219 kB
├ ○ /billing/success                     4.47 kB         114 kB
├ ○ /dashboard                           6.53 kB         116 kB
├ ○ /docs                                10.6 kB         117 kB
├ ○ /jobs                                4.71 kB         114 kB
├ ƒ /jobs/[id]                           11 kB           120 kB
├ ○ /jobs/new                            7.35 kB         122 kB
├ ○ /login                               3.47 kB         113 kB
├ ○ /pricing                             857 B          97.1 kB
├ ○ /register                            3.74 kB         113 kB
└ ○ /settings                            7.05 kB         121 kB
+ First Load JS shared by all            87.5 kB
  ├ chunks/5b8f0dd8-963e26f73fce6c0b.js  53.6 kB
  ├ chunks/749-0ec78911beaa0843.js       31.9 kB
  └ other shared chunks (total)          1.96 kB


ƒ Middleware                             26.6 kB

○  (Static)   prerendered as static content
ƒ  (Dynamic)  server-rendered on demand

